---
source: src/plugins/building.rs
expression: reply.to_json()?
---
{
  "areaObservation": {
    "area": {
      "desc": "New Area",
      "key": "nXdXyWCN07HmUpXRfWocN",
      "name": "New Area"
    },
    "carrying": [],
    "items": [
      {
        "desc": "South Exit",
        "key": "XmZXOC_jKkmGk2ymNZ5CU",
        "name": "South Exit"
      }
    ],
    "living": [
      {
        "desc": "Not described.",
        "key": "E-1",
        "name": "Living"
      }
    ],
    "person": {
      "desc": "Not described.",
      "key": "E-1",
      "name": "Living"
    },
    "routes": []
  }
}
