---
source: libs/kernel/src/tests.rs
expression: "[world.to_json_value()?, jacob.to_json_value()?]"
---
[
  {
    "acls": {
      "rules": []
    },
    "creator": {
      "gid": null,
      "key": "E-0",
      "klass": "scopes.WorldClass",
      "name": "Jacob"
    },
    "identity": {
      "private": "",
      "public": ""
    },
    "key": "E-1",
    "klass": {
      "py/type": "scopes.WorldClass"
    },
    "parent": null,
    "scopes": {
      "props": {
        "props": {
          "map": {
            "desc": {
              "acls": null,
              "value": "What a great place"
            },
            "name": {
              "acls": null,
              "value": "New World"
            }
          }
        }
      }
    }
  },
  {
    "acls": {
      "rules": []
    },
    "creator": null,
    "identity": {
      "private": "",
      "public": ""
    },
    "key": "E-0",
    "klass": {
      "py/type": "scopes.WorldClass"
    },
    "parent": null,
    "scopes": {
      "props": {
        "props": {
          "map": {
            "desc": {
              "acls": null,
              "value": "Hah"
            },
            "name": {
              "acls": null,
              "value": "Jacob"
            }
          }
        }
      }
    }
  }
]
