---
source: libs/kernel/src/tests.rs
expression: "[world.to_json_value()?, jacob.to_json_value()?]"
---
[
  {
    "acls": {
      "rules": []
    },
    "class": {
      "name": "scopes.WorldClass"
    },
    "creator": {
      "class": "scopes.WorldClass",
      "gid": null,
      "key": "E-0",
      "name": "Jacob"
    },
    "identity": {
      "private": "",
      "public": ""
    },
    "key": "E-1",
    "parent": null,
    "scopes": {
      "props": {
        "core": {
          "desc": {
            "acls": null,
            "value": "What a great place"
          },
          "name": {
            "acls": null,
            "value": "New World"
          }
        }
      }
    }
  },
  {
    "acls": {
      "rules": []
    },
    "class": {
      "name": "scopes.WorldClass"
    },
    "creator": null,
    "identity": {
      "private": "",
      "public": ""
    },
    "key": "E-0",
    "parent": null,
    "scopes": {
      "props": {
        "core": {
          "desc": {
            "acls": null,
            "value": "Hah"
          },
          "name": {
            "acls": null,
            "value": "Jacob"
          }
        }
      }
    }
  }
]
