---
source: plugins/core/src/looking/tests.rs
expression: reply.to_debug_json()?
---
{
  "reply": {
    "taggedJson": {
      "areaObservation": {
        "area": {
          "desc": null,
          "gid": 5,
          "key": "E-4",
          "name": "Welcome Area",
          "qualified": "Welcome Area"
        },
        "carrying": [
          {
            "desc": null,
            "gid": 4,
            "key": "E-3",
            "name": "Cool Rake",
            "qualified": "a Cool Rake"
          }
        ],
        "items": [
          {
            "desc": null,
            "gid": 6,
            "key": "E-5",
            "name": "Boring Shovel",
            "qualified": "a Boring Shovel"
          }
        ],
        "living": [
          {
            "desc": null,
            "gid": 3,
            "key": "E-2",
            "name": "Living",
            "qualified": "Living"
          }
        ],
        "person": {
          "desc": null,
          "gid": 3,
          "key": "E-2",
          "name": "Living",
          "qualified": "Living"
        },
        "routes": [
          {
            "Simple": {
              "name": "East Exit",
              "to": {
                "desc": null,
                "gid": 2,
                "key": "E-1",
                "name": "Place",
                "qualified": "Place"
              }
            }
          }
        ]
      }
    }
  }
}
