---
source: plugins/core/src/looking/tests.rs
expression: reply.to_debug_json()?
---
{
  "reply": {
    "taggedJson": {
      "insideObservation": {
        "items": [
          {
            "desc": null,
            "gid": 3,
            "key": "E-2",
            "name": "Key",
            "qualified": "a Key"
          }
        ],
        "vessel": {
          "desc": null,
          "gid": 2,
          "key": "E-1",
          "name": "Vessel",
          "qualified": "a Vessel"
        }
      }
    }
  }
}
