---
source: plugins/core/src/building/tests.rs
expression: reply.to_debug_json()?
---
{
  "reply": {
    "taggedJson": {
      "editorReply": {
        "editing": {
          "json": {
            "acls": {
              "rules": []
            },
            "class": {
              "name": "scopes.ItemClass"
            },
            "creator": null,
            "identity": {
              "private": "Private#4",
              "public": "Public#4"
            },
            "key": "E-3",
            "owner": null,
            "parent": null,
            "scopes": {
              "carryable": {
                "kind": {
                  "identity": {
                    "private": "Private#5",
                    "public": "Public#5"
                  }
                },
                "quantity": 1.0
              },
              "location": {
                "container": {
                  "class": "scopes.ItemClass",
                  "gid": 3,
                  "key": "E-2",
                  "name": "Welcome Area"
                }
              },
              "props": {
                "core": {
                  "gid": {
                    "acls": null,
                    "value": 4
                  },
                  "name": {
                    "acls": null,
                    "value": "Cool Broom"
                  }
                }
              }
            }
          }
        },
        "key": "E-3",
        "save": {
          "saveEntityJsonAction": {
            "copy": {
              "json": "!#$value"
            },
            "key": "E-3"
          }
        }
      }
    }
  }
}
