---
source: plugins/core/src/building/tests.rs
expression: reply.to_debug_json()?
---
{
  "reply": {
    "taggedJson": {
      "constructed": {
        "area": {
          "area": {
            "desc": null,
            "gid": 4,
            "key": "E-3",
            "name": "Green Room",
            "qualified": "Green Room"
          },
          "carrying": [],
          "items": [],
          "living": [],
          "person": {
            "desc": null,
            "gid": 2,
            "key": "E-1",
            "name": "Living",
            "qualified": "Living"
          },
          "routes": []
        }
      }
    }
  }
}
