---
source: plugins/core/src/building/tests.rs
expression: reply.to_debug_json()?
---
{
  "editorReply": {
    "editing": {
      "markdown": "Living\n\n~~~~~~~~~~~~~~~~~~~~~~~~~~~~~~~~~~~~~~~~~~~~~~~~~~~~~~~~~~~~~~~~~~~~~~~~~~~~~~~~\n\n"
    },
    "key": "E-1",
    "save": {
      "saveQuickEditAction": {
        "copy": {
          "markdown": "!#$value"
        },
        "key": "E-1"
      }
    }
  }
}
