---
source: plugins/core/src/building.rs
expression: reply.to_debug_json()?
---
{
  "editorReply": {
    "editing": {
      "markdown": "Living\n\n~~~~~~~~~~~~~~~~~~~~~~~~~~~~~~~~~~~~~~~~~~~~~~~~~~~~~~~~~~~~~~~~~~~~~~~~~~~~~~~~\n\n"
    },
    "key": "E-1",
    "save": null,
    "target": "quickEdit"
  }
}
