---
source: plugins/core/src/building.rs
expression: reply.to_debug_json()?
---
{
  "editorReply": {
    "editing": {
      "json": {
        "acls": {
          "rules": []
        },
        "creator": null,
        "identity": {
          "private": "",
          "public": "",
          "signature": null
        },
        "key": "E-0",
        "klass": {
          "py/type": "scopes.ItemClass"
        },
        "parent": null,
        "scopes": {
          "containing": {
            "capacity": null,
            "holding": [],
            "produces": {}
          },
          "occupying": {
            "area": {
              "gid": 2,
              "key": "E-1",
              "klass": "scopes.ItemClass",
              "name": "Welcome Area"
            }
          },
          "props": {
            "props": {
              "map": {
                "gid": {
                  "acls": {
                    "rules": []
                  },
                  "value": 1
                },
                "name": {
                  "acls": {
                    "rules": []
                  },
                  "value": "Living"
                }
              }
            }
          }
        }
      }
    },
    "key": "E-0"
  }
}
