---
source: plugins/core/src/building.rs
expression: reply.to_json()?
---
{
  "editor": {
    "editing": {
      "json": {
        "acls": {
          "rules": []
        },
        "creator": null,
        "identity": {
          "private": "",
          "public": "",
          "signature": null
        },
        "key": "E-3",
        "klass": {
          "py/type": ""
        },
        "parent": null,
        "scopes": {
          "location": {
            "container": {
              "gid": 3,
              "key": "E-2",
              "klass": "",
              "name": "Welcome Area"
            }
          },
          "props": {
            "props": {
              "map": {
                "gid": {
                  "acls": {
                    "rules": []
                  },
                  "value": 4
                },
                "name": {
                  "acls": {
                    "rules": []
                  },
                  "value": "Cool Broom"
                }
              }
            }
          }
        },
        "version": {
          "i": 2
        }
      }
    },
    "key": "E-3"
  }
}
