---
source: plugins/core/src/building.rs
expression: reply.to_json()?
---
{
  "editorReply": {
    "editing": {
      "json": {
        "acls": {
          "rules": []
        },
        "creator": null,
        "identity": {
          "private": "",
          "public": "",
          "signature": null
        },
        "key": "E-2",
        "klass": {
          "py/type": ""
        },
        "parent": null,
        "scopes": {
          "location": {
            "container": {
              "gid": 2,
              "key": "E-1",
              "klass": "",
              "name": "Welcome Area"
            }
          },
          "props": {
            "props": {
              "map": {
                "gid": {
                  "acls": {
                    "rules": []
                  },
                  "value": 3
                },
                "name": {
                  "acls": {
                    "rules": []
                  },
                  "value": "Cool Broom"
                }
              }
            }
          }
        }
      }
    },
    "key": "E-2"
  }
}
